app/layout.tsx(2,23): error TS2307: Cannot find module 'app/ui/font' or its corresponding type declarations.
app/product/[id]/page.tsx(3,32): error TS2307: Cannot find module './ProductImageClient' or its corresponding type declarations.
app/product/[id]/page.tsx(6,34): error TS2307: Cannot find module './ProductActionsClient' or its corresponding type declarations.
